<div id="foobar">

    <h1>Solutions</h1>

    <p>This is the Solutions noodle.</p>

    <icon_nav/>



    <section id="overview">
        <h2>Overview</h2>

        <p>This is the overview of the Solutions noodle.</p>



    </section>

    <section id="web-apps">
        <h2>Web Apps</h2>


        <article id="level-3-header">
            <h3>Level 3 header</h3>

            <p>And some vague content...</p>

            <p>This is my rant about Web Apps level 3</p>

            <ul>
                <li>with bullet points</li>
                <li>oh yes!</li>
                <li>with many bullet points!!!</li>
            </ul>
        </article>

        <article id="another-level-3-header">
            <h3>Another level 3 header</h3>

            <p>And some more vague content...</p>
        </article>


    </section>

    <section id="mobile-apps">
        <h2>Mobile apps</h2>

        <p>Another rant about <strong>mobile apps</strong> goes <em>here</em>
        </p>



    </section>

</div>
