<p>This is the <span>Solutions</span> noodle.</p>
</section>
