<section id="foobar">

    <h1>Solutions</h1>

    <p>This is the Solutions noodle.</p>

    <icon_nav/>



    <article id="overview">
        <h2>Overview</h2>

        <p>This is the overview of the Solutions noodle.</p>
    </article>

    <article id="web-apps">
        <h2>Web Apps</h2>

        <p>This is my rant about Web Apps</p>

        <ul>
            <li>with bullet points</li>
            <li>oh yes!</li>
            <li>with many bullet points!!!</li>
        </ul>
    </article>

    <article id="mobile-apps">
        <h2>Mobile apps</h2>

        <p>Another rant about <strong>mobile apps</strong> goes <em>here</em>
        </p>
    </article>

</section>
